Connecting to jdbc:hive2://hadoop-03.uni.innopolis.ru:10001
2026-05-09 10:36:13,937 INFO jdbc.Utils: Supplied authorities: hadoop-03.uni.innopolis.ru:10001
2026-05-09 10:36:13,937 INFO jdbc.Utils: Resolved authority: hadoop-03.uni.innopolis.ru:10001
Connected to: Apache Hive (version 3.1.3)
Driver: Hive JDBC (version 2.3.9)
Transaction isolation: TRANSACTION_REPEATABLE_READ
No rows affected (0.064 seconds)
No rows affected (0.004 seconds)
No rows affected (0.004 seconds)
No rows affected (0.004 seconds)
INFO  : Compiling command(queryId=hive_20260509103614_fdd14915-2880-4f4e-a43a-43e69a7da44d): USE team30_projectdb
INFO  : Semantic Analysis Completed (retrial = false)
INFO  : Returning Hive schema: Schema(fieldSchemas:null, properties:null)
INFO  : EXPLAIN output for queryid hive_20260509103614_fdd14915-2880-4f4e-a43a-43e69a7da44d : STAGE DEPENDENCIES:
  Stage-0 is a root stage [DDL]

STAGE PLANS:
  Stage: Stage-0


INFO  : Completed compiling command(queryId=hive_20260509103614_fdd14915-2880-4f4e-a43a-43e69a7da44d); Time taken: 0.054 seconds
INFO  : Executing command(queryId=hive_20260509103614_fdd14915-2880-4f4e-a43a-43e69a7da44d): USE team30_projectdb
INFO  : Starting task [Stage-0:DDL] in serial mode
INFO  : Completed executing command(queryId=hive_20260509103614_fdd14915-2880-4f4e-a43a-43e69a7da44d); Time taken: 0.007 seconds
INFO  : OK
No rows affected (0.066 seconds)
INFO  : Compiling command(queryId=hive_20260509103614_77868e71-4dac-4129-a6b5-9ee1be1b8b8a): DROP TABLE IF EXISTS stage3_model1_predictions_ext
INFO  : Semantic Analysis Completed (retrial = false)
INFO  : Returning Hive schema: Schema(fieldSchemas:null, properties:null)
INFO  : EXPLAIN output for queryid hive_20260509103614_77868e71-4dac-4129-a6b5-9ee1be1b8b8a : STAGE DEPENDENCIES:
  Stage-0 is a root stage [DDL]

STAGE PLANS:
  Stage: Stage-0
      Drop Table Operator:
        Drop Table
          table: stage3_model1_predictions_ext


INFO  : Completed compiling command(queryId=hive_20260509103614_77868e71-4dac-4129-a6b5-9ee1be1b8b8a); Time taken: 0.037 seconds
INFO  : Executing command(queryId=hive_20260509103614_77868e71-4dac-4129-a6b5-9ee1be1b8b8a): DROP TABLE IF EXISTS stage3_model1_predictions_ext
INFO  : Starting task [Stage-0:DDL] in serial mode
INFO  : Completed executing command(queryId=hive_20260509103614_77868e71-4dac-4129-a6b5-9ee1be1b8b8a); Time taken: 0.047 seconds
INFO  : OK
No rows affected (0.105 seconds)
INFO  : Compiling command(queryId=hive_20260509103614_f3aa2a4a-05a5-4de8-8d86-5199f3f7402c): CREATE EXTERNAL TABLE stage3_model1_predictions_ext (
label DOUBLE,
prediction DOUBLE
)
ROW FORMAT DELIMITED
FIELDS TERMINATED BY ','
STORED AS TEXTFILE
LOCATION 'project/output/model1_predictions'
TBLPROPERTIES ('skip.header.line.count'='1')
INFO  : Semantic Analysis Completed (retrial = false)
INFO  : Returning Hive schema: Schema(fieldSchemas:null, properties:null)
INFO  : EXPLAIN output for queryid hive_20260509103614_f3aa2a4a-05a5-4de8-8d86-5199f3f7402c : STAGE DEPENDENCIES:
  Stage-0 is a root stage [DDL]

STAGE PLANS:
  Stage: Stage-0
      Create Table Operator:
        Create Table
          columns: label double, prediction double
          field delimiter: ,
          input format: org.apache.hadoop.mapred.TextInputFormat
          location: project/output/model1_predictions
          output format: org.apache.hadoop.hive.ql.io.IgnoreKeyTextOutputFormat
          serde name: org.apache.hadoop.hive.serde2.lazy.LazySimpleSerDe
          name: team30_projectdb.stage3_model1_predictions_ext
          table properties:
            skip.header.line.count 1
          isExternal: true


INFO  : Completed compiling command(queryId=hive_20260509103614_f3aa2a4a-05a5-4de8-8d86-5199f3f7402c); Time taken: 0.032 seconds
INFO  : Executing command(queryId=hive_20260509103614_f3aa2a4a-05a5-4de8-8d86-5199f3f7402c): CREATE EXTERNAL TABLE stage3_model1_predictions_ext (
label DOUBLE,
prediction DOUBLE
)
ROW FORMAT DELIMITED
FIELDS TERMINATED BY ','
STORED AS TEXTFILE
LOCATION 'project/output/model1_predictions'
TBLPROPERTIES ('skip.header.line.count'='1')
INFO  : Starting task [Stage-0:DDL] in serial mode
INFO  : Completed executing command(queryId=hive_20260509103614_f3aa2a4a-05a5-4de8-8d86-5199f3f7402c); Time taken: 0.019 seconds
INFO  : OK
No rows affected (0.087 seconds)
INFO  : Compiling command(queryId=hive_20260509103614_6022bd0c-0c5a-4ba0-b5ca-1eaa8d94d5cc): DROP TABLE IF EXISTS stage3_model2_predictions_ext
INFO  : Semantic Analysis Completed (retrial = false)
INFO  : Returning Hive schema: Schema(fieldSchemas:null, properties:null)
INFO  : EXPLAIN output for queryid hive_20260509103614_6022bd0c-0c5a-4ba0-b5ca-1eaa8d94d5cc : STAGE DEPENDENCIES:
  Stage-0 is a root stage [DDL]

STAGE PLANS:
  Stage: Stage-0
      Drop Table Operator:
        Drop Table
          table: stage3_model2_predictions_ext


INFO  : Completed compiling command(queryId=hive_20260509103614_6022bd0c-0c5a-4ba0-b5ca-1eaa8d94d5cc); Time taken: 0.037 seconds
INFO  : Executing command(queryId=hive_20260509103614_6022bd0c-0c5a-4ba0-b5ca-1eaa8d94d5cc): DROP TABLE IF EXISTS stage3_model2_predictions_ext
INFO  : Starting task [Stage-0:DDL] in serial mode
INFO  : Completed executing command(queryId=hive_20260509103614_6022bd0c-0c5a-4ba0-b5ca-1eaa8d94d5cc); Time taken: 0.046 seconds
INFO  : OK
No rows affected (0.102 seconds)
INFO  : Compiling command(queryId=hive_20260509103614_ed1c3bc0-fbf8-4a48-b4b0-d351825e0040): CREATE EXTERNAL TABLE stage3_model2_predictions_ext (
label DOUBLE,
prediction DOUBLE
)
ROW FORMAT DELIMITED
FIELDS TERMINATED BY ','
STORED AS TEXTFILE
LOCATION 'project/output/model2_predictions'
TBLPROPERTIES ('skip.header.line.count'='1')
INFO  : Semantic Analysis Completed (retrial = false)
INFO  : Returning Hive schema: Schema(fieldSchemas:null, properties:null)
INFO  : EXPLAIN output for queryid hive_20260509103614_ed1c3bc0-fbf8-4a48-b4b0-d351825e0040 : STAGE DEPENDENCIES:
  Stage-0 is a root stage [DDL]

STAGE PLANS:
  Stage: Stage-0
      Create Table Operator:
        Create Table
          columns: label double, prediction double
          field delimiter: ,
          input format: org.apache.hadoop.mapred.TextInputFormat
          location: project/output/model2_predictions
          output format: org.apache.hadoop.hive.ql.io.IgnoreKeyTextOutputFormat
          serde name: org.apache.hadoop.hive.serde2.lazy.LazySimpleSerDe
          name: team30_projectdb.stage3_model2_predictions_ext
          table properties:
            skip.header.line.count 1
          isExternal: true


INFO  : Completed compiling command(queryId=hive_20260509103614_ed1c3bc0-fbf8-4a48-b4b0-d351825e0040); Time taken: 0.029 seconds
INFO  : Executing command(queryId=hive_20260509103614_ed1c3bc0-fbf8-4a48-b4b0-d351825e0040): CREATE EXTERNAL TABLE stage3_model2_predictions_ext (
label DOUBLE,
prediction DOUBLE
)
ROW FORMAT DELIMITED
FIELDS TERMINATED BY ','
STORED AS TEXTFILE
LOCATION 'project/output/model2_predictions'
TBLPROPERTIES ('skip.header.line.count'='1')
INFO  : Starting task [Stage-0:DDL] in serial mode
INFO  : Completed executing command(queryId=hive_20260509103614_ed1c3bc0-fbf8-4a48-b4b0-d351825e0040); Time taken: 0.029 seconds
INFO  : OK
No rows affected (0.091 seconds)
INFO  : Compiling command(queryId=hive_20260509103614_0cf85a2f-ff3e-40ad-a70c-0943d982c9c3): DROP TABLE IF EXISTS stage3_model_evaluation_ext
INFO  : Semantic Analysis Completed (retrial = false)
INFO  : Returning Hive schema: Schema(fieldSchemas:null, properties:null)
INFO  : EXPLAIN output for queryid hive_20260509103614_0cf85a2f-ff3e-40ad-a70c-0943d982c9c3 : STAGE DEPENDENCIES:
  Stage-0 is a root stage [DDL]

STAGE PLANS:
  Stage: Stage-0
      Drop Table Operator:
        Drop Table
          table: stage3_model_evaluation_ext


INFO  : Completed compiling command(queryId=hive_20260509103614_0cf85a2f-ff3e-40ad-a70c-0943d982c9c3); Time taken: 0.027 seconds
INFO  : Executing command(queryId=hive_20260509103614_0cf85a2f-ff3e-40ad-a70c-0943d982c9c3): DROP TABLE IF EXISTS stage3_model_evaluation_ext
INFO  : Starting task [Stage-0:DDL] in serial mode
INFO  : Completed executing command(queryId=hive_20260509103614_0cf85a2f-ff3e-40ad-a70c-0943d982c9c3); Time taken: 0.004 seconds
INFO  : OK
No rows affected (0.052 seconds)
Error: Error while compiling statement: FAILED: ParseException line 4:0 cannot recognize input near 'precision' 'DOUBLE' ',' in column name or constraint (state=42000,code=40000)
Closing: 0: jdbc:hive2://hadoop-03.uni.innopolis.ru:10001
